Archive member included because of file (symbol)

/usr/local/Cellar/gcc-arm-none-eabi/20140805/bin/../lib/gcc/arm-none-eabi/4.8.4/../../../../arm-none-eabi/lib/armv7e-m/libg_s.a(lib_a-errno.o)
                              ./system/src/newlib/_sbrk.o (__errno)
/usr/local/Cellar/gcc-arm-none-eabi/20140805/bin/../lib/gcc/arm-none-eabi/4.8.4/../../../../arm-none-eabi/lib/armv7e-m/libg_s.a(lib_a-impure.o)
                              /usr/local/Cellar/gcc-arm-none-eabi/20140805/bin/../lib/gcc/arm-none-eabi/4.8.4/../../../../arm-none-eabi/lib/armv7e-m/libg_s.a(lib_a-errno.o) (_impure_ptr)
/usr/local/Cellar/gcc-arm-none-eabi/20140805/bin/../lib/gcc/arm-none-eabi/4.8.4/../../../../arm-none-eabi/lib/armv7e-m/libg_s.a(lib_a-strlen.o)
                              ./system/src/diag/Trace.o (strlen)
/usr/local/Cellar/gcc-arm-none-eabi/20140805/bin/../lib/gcc/arm-none-eabi/4.8.4/../../../../arm-none-eabi/lib/armv7e-m/libg_s.a(lib_a-vsnprintf.o)
                              ./system/src/diag/Trace.o (vsnprintf)
/usr/local/Cellar/gcc-arm-none-eabi/20140805/bin/../lib/gcc/arm-none-eabi/4.8.4/../../../../arm-none-eabi/lib/armv7e-m/libg_s.a(lib_a-svfprintf.o)
                              /usr/local/Cellar/gcc-arm-none-eabi/20140805/bin/../lib/gcc/arm-none-eabi/4.8.4/../../../../arm-none-eabi/lib/armv7e-m/libg_s.a(lib_a-vsnprintf.o) (_svfprintf_r)
/usr/local/Cellar/gcc-arm-none-eabi/20140805/bin/../lib/gcc/arm-none-eabi/4.8.4/../../../../arm-none-eabi/lib/armv7e-m/libg_s.a(lib_a-vfprintf_i.o)
                              /usr/local/Cellar/gcc-arm-none-eabi/20140805/bin/../lib/gcc/arm-none-eabi/4.8.4/../../../../arm-none-eabi/lib/armv7e-m/libg_s.a(lib_a-svfprintf.o) (_printf_i)
/usr/local/Cellar/gcc-arm-none-eabi/20140805/bin/../lib/gcc/arm-none-eabi/4.8.4/../../../../arm-none-eabi/lib/armv7e-m/libg_s.a(lib_a-memchr-stub.o)
                              /usr/local/Cellar/gcc-arm-none-eabi/20140805/bin/../lib/gcc/arm-none-eabi/4.8.4/../../../../arm-none-eabi/lib/armv7e-m/libg_s.a(lib_a-svfprintf.o) (memchr)
/usr/local/Cellar/gcc-arm-none-eabi/20140805/bin/../lib/gcc/arm-none-eabi/4.8.4/../../../../arm-none-eabi/lib/armv7e-m/libg_s.a(lib_a-memcpy-stub.o)
                              /usr/local/Cellar/gcc-arm-none-eabi/20140805/bin/../lib/gcc/arm-none-eabi/4.8.4/../../../../arm-none-eabi/lib/armv7e-m/libg_s.a(lib_a-svfprintf.o) (memcpy)
/usr/local/Cellar/gcc-arm-none-eabi/20140805/bin/../lib/gcc/arm-none-eabi/4.8.4/../../../../arm-none-eabi/lib/armv7e-m/libg_s.a(lib_a-memmove.o)
                              /usr/local/Cellar/gcc-arm-none-eabi/20140805/bin/../lib/gcc/arm-none-eabi/4.8.4/../../../../arm-none-eabi/lib/armv7e-m/libg_s.a(lib_a-svfprintf.o) (memmove)
/usr/local/Cellar/gcc-arm-none-eabi/20140805/bin/../lib/gcc/arm-none-eabi/4.8.4/../../../../arm-none-eabi/lib/armv7e-m/libg_s.a(lib_a-nano-freer.o)
                              /usr/local/Cellar/gcc-arm-none-eabi/20140805/bin/../lib/gcc/arm-none-eabi/4.8.4/../../../../arm-none-eabi/lib/armv7e-m/libg_s.a(lib_a-svfprintf.o) (_free_r)
/usr/local/Cellar/gcc-arm-none-eabi/20140805/bin/../lib/gcc/arm-none-eabi/4.8.4/../../../../arm-none-eabi/lib/armv7e-m/libg_s.a(lib_a-nano-mallocr.o)
                              /usr/local/Cellar/gcc-arm-none-eabi/20140805/bin/../lib/gcc/arm-none-eabi/4.8.4/../../../../arm-none-eabi/lib/armv7e-m/libg_s.a(lib_a-svfprintf.o) (_malloc_r)
/usr/local/Cellar/gcc-arm-none-eabi/20140805/bin/../lib/gcc/arm-none-eabi/4.8.4/../../../../arm-none-eabi/lib/armv7e-m/libg_s.a(lib_a-nano-reallocr.o)
                              /usr/local/Cellar/gcc-arm-none-eabi/20140805/bin/../lib/gcc/arm-none-eabi/4.8.4/../../../../arm-none-eabi/lib/armv7e-m/libg_s.a(lib_a-svfprintf.o) (_realloc_r)
/usr/local/Cellar/gcc-arm-none-eabi/20140805/bin/../lib/gcc/arm-none-eabi/4.8.4/../../../../arm-none-eabi/lib/armv7e-m/libg_s.a(lib_a-sbrkr.o)
                              /usr/local/Cellar/gcc-arm-none-eabi/20140805/bin/../lib/gcc/arm-none-eabi/4.8.4/../../../../arm-none-eabi/lib/armv7e-m/libg_s.a(lib_a-nano-mallocr.o) (_sbrk_r)
/usr/local/Cellar/gcc-arm-none-eabi/20140805/bin/../lib/gcc/arm-none-eabi/4.8.4/../../../../arm-none-eabi/lib/armv7e-m/libg_s.a(lib_a-nano-msizer.o)
                              /usr/local/Cellar/gcc-arm-none-eabi/20140805/bin/../lib/gcc/arm-none-eabi/4.8.4/../../../../arm-none-eabi/lib/armv7e-m/libg_s.a(lib_a-nano-reallocr.o) (_malloc_usable_size_r)

Allocating common symbols
Common symbol       size              file

errno               0x4               ./system/src/newlib/_syscalls.o
pFlash              0x20              ./system/src/stm32f4-hal/stm32f4xx_hal_flash.o
I2cHandle           0x3c              ./src/stm32f429i_discovery.o

Discarded input sections

 .group         0x0000000000000000        0x8 ./system/src/stm32f4-hal/stm32f4xx_hal.o
 .group         0x0000000000000000        0x8 ./system/src/stm32f4-hal/stm32f4xx_hal.o
 .group         0x0000000000000000        0x8 ./system/src/stm32f4-hal/stm32f4xx_hal.o
[...]
Memory Configuration

Name             Origin             Length             Attributes
RAM              0x0000000020000000 0x0000000000030000 xrw
CCMRAM           0x0000000010000000 0x0000000000010000 xrw
FLASH            0x0000000008000000 0x0000000000100000 xr
FLASHB1          0x0000000000000000 0x0000000000000000 xr
EXTMEMB0         0x0000000000000000 0x0000000000000000 xr
EXTMEMB1         0x0000000000000000 0x0000000000000000 xr
EXTMEMB2         0x0000000000000000 0x0000000000000000 xr
EXTMEMB3         0x0000000000000000 0x0000000000000000 xr
MEMORY_ARRAY     0x0000000020002000 0x0000000000000020 xrw
*default*        0x0000000000000000 0xffffffffffffffff

Linker script and memory map

LOAD ./system/src/stm32f4-hal/stm32f4xx_hal.o
LOAD ./system/src/stm32f4-hal/stm32f4xx_hal_cortex.o
LOAD ./system/src/stm32f4-hal/stm32f4xx_hal_flash.o
LOAD ./system/src/stm32f4-hal/stm32f4xx_hal_gpio.o
LOAD ./system/src/stm32f4-hal/stm32f4xx_hal_iwdg.o
LOAD ./system/src/stm32f4-hal/stm32f4xx_hal_pwr.o
LOAD ./system/src/stm32f4-hal/stm32f4xx_hal_rcc.o
LOAD ./system/src/newlib/_cxx.o
LOAD ./system/src/newlib/_exit.o
LOAD ./system/src/newlib/_sbrk.o
LOAD ./system/src/newlib/_startup.o
LOAD ./system/src/newlib/_syscalls.o
LOAD ./system/src/newlib/assert.o
LOAD ./system/src/diag/Trace.o
LOAD ./system/src/diag/trace_impl.o
LOAD ./system/src/cortexm/_initialize_hardware.o
LOAD ./system/src/cortexm/_reset_hardware.o
LOAD ./system/src/cortexm/exception_handlers.o
LOAD ./system/src/cmsis/vectors_stm32f4xx.o
LOAD ./src/_initialize_hardware.o
LOAD ./src/_write.o
LOAD ./src/main.o
LOAD ./src/stm32f429i_discovery.o
LOAD ./src/stm32f4xx_it.o
LOAD ./src/system_stm32f4xx.o
LOAD /usr/local/Cellar/gcc-arm-none-eabi/20140805/bin/../lib/gcc/arm-none-eabi/4.8.4/../../../../arm-none-eabi/lib/armv7e-m/libstdc++_s.a
LOAD /usr/local/Cellar/gcc-arm-none-eabi/20140805/bin/../lib/gcc/arm-none-eabi/4.8.4/../../../../arm-none-eabi/lib/armv7e-m/libm.a
START GROUP
LOAD /usr/local/Cellar/gcc-arm-none-eabi/20140805/bin/../lib/gcc/arm-none-eabi/4.8.4/armv7e-m/libgcc.a
LOAD /usr/local/Cellar/gcc-arm-none-eabi/20140805/bin/../lib/gcc/arm-none-eabi/4.8.4/../../../../arm-none-eabi/lib/armv7e-m/libg_s.a
LOAD /usr/local/Cellar/gcc-arm-none-eabi/20140805/bin/../lib/gcc/arm-none-eabi/4.8.4/../../../../arm-none-eabi/lib/armv7e-m/libc_s.a
END GROUP
START GROUP
LOAD /usr/local/Cellar/gcc-arm-none-eabi/20140805/bin/../lib/gcc/arm-none-eabi/4.8.4/armv7e-m/libgcc.a
LOAD /usr/local/Cellar/gcc-arm-none-eabi/20140805/bin/../lib/gcc/arm-none-eabi/4.8.4/../../../../arm-none-eabi/lib/armv7e-m/libc_s.a
END GROUP
                0x0000000020030000                __stack = (ORIGIN (RAM) + 0x30000)
                0x0000000020030000                _estack = __stack
                0x0000000000000400                __Main_Stack_Size = 0x400
                0x0000000000000400                PROVIDE (_Main_Stack_Size, __Main_Stack_Size)
                0x000000002002fc00                __Main_Stack_Limit = (__stack - __Main_Stack_Size)
                0x000000002002fc00                PROVIDE (_Main_Stack_Limit, __Main_Stack_Limit)
                0x0000000000000100                _Minimum_Stack_Size = 0x100
                0x0000000020000120                PROVIDE (_Heap_Begin, _end_noinit)
                0x000000002002fc00                PROVIDE (_Heap_Limit, (__stack - __Main_Stack_Size))

.isr_vector     0x0000000008000000      0x40c
 FILL mask 0xff
                0x0000000008000000                __vectors_start__ = ABSOLUTE (.)
 *(.isr_vector)
 .isr_vector    0x0000000008000000      0x1ac ./system/src/cmsis/vectors_stm32f4xx.o
                0x0000000008000000                __isr_vectors
 *(.cfmconfig)
 *(.after_vectors .after_vectors.*)
 .after_vectors
                0x00000000080001ac      0x130 ./system/src/newlib/_startup.o
                0x00000000080001ac                _start
 .after_vectors
                0x00000000080002dc      0x12c ./system/src/cortexm/exception_handlers.o
                0x00000000080002dc                Reset_Handler
                0x00000000080002fc                HardFault_Handler_C
                0x0000000008000370                BusFault_Handler_C
                0x00000000080003b8                UsageFault_Handler_C
 .after_vectors
                0x0000000008000408        0x4 ./system/src/cmsis/vectors_stm32f4xx.o
                0x0000000008000408                DMA1_Stream3_IRQHandler
                0x0000000008000408                HASH_RNG_IRQHandler
                0x0000000008000408                EXTI2_IRQHandler
                0x0000000008000408                TIM8_CC_IRQHandler
                0x0000000008000408                UART8_IRQHandler
                0x0000000008000408                SPI4_IRQHandler
                0x0000000008000408                TIM1_CC_IRQHandler
                0x0000000008000408                DMA2_Stream5_IRQHandler
                0x0000000008000408                DMA1_Stream5_IRQHandler
                0x0000000008000408                PVD_IRQHandler
                0x0000000008000408                SDIO_IRQHandler
                0x0000000008000408                TAMP_STAMP_IRQHandler
                0x0000000008000408                CAN2_RX1_IRQHandler
                0x0000000008000408                EXTI3_IRQHandler
                0x0000000008000408                TIM8_TRG_COM_TIM14_IRQHandler
                0x0000000008000408                TIM1_UP_TIM10_IRQHandler
                0x0000000008000408                TIM8_UP_TIM13_IRQHandler
                0x0000000008000408                I2C3_ER_IRQHandler
                0x0000000008000408                I2C2_EV_IRQHandler
                0x0000000008000408                DMA1_Stream2_IRQHandler
                0x0000000008000408                CAN1_RX0_IRQHandler
                0x0000000008000408                FPU_IRQHandler
                0x0000000008000408                OTG_HS_WKUP_IRQHandler
                0x0000000008000408                LTDC_ER_IRQHandler
                0x0000000008000408                CAN2_SCE_IRQHandler
                0x0000000008000408                DMA2_Stream2_IRQHandler
                0x0000000008000408                SPI1_IRQHandler
                0x0000000008000408                TIM6_DAC_IRQHandler
                0x0000000008000408                TIM1_BRK_TIM9_IRQHandler
                0x0000000008000408                DCMI_IRQHandler
                0x0000000008000408                CAN2_RX0_IRQHandler
                0x0000000008000408                DMA2_Stream3_IRQHandler
                0x0000000008000408                USART6_IRQHandler
                0x0000000008000408                USART3_IRQHandler
                0x0000000008000408                CAN1_RX1_IRQHandler
                0x0000000008000408                UART5_IRQHandler
                0x0000000008000408                DMA2_Stream0_IRQHandler
                0x0000000008000408                TIM4_IRQHandler
                0x0000000008000408                I2C1_EV_IRQHandler
                0x0000000008000408                DMA1_Stream6_IRQHandler
                0x0000000008000408                DMA1_Stream1_IRQHandler
                0x0000000008000408                UART4_IRQHandler
                0x0000000008000408                TIM3_IRQHandler
                0x0000000008000408                RCC_IRQHandler
                0x0000000008000408                TIM8_BRK_TIM12_IRQHandler
                0x0000000008000408                Default_Handler
                0x0000000008000408                EXTI15_10_IRQHandler
                0x0000000008000408                ADC_IRQHandler
                0x0000000008000408                DMA1_Stream7_IRQHandler
                0x0000000008000408                SPI5_IRQHandler
                0x0000000008000408                TIM7_IRQHandler
                0x0000000008000408                CAN2_TX_IRQHandler
                0x0000000008000408                TIM5_IRQHandler
                0x0000000008000408                DMA2_Stream7_IRQHandler
                0x0000000008000408                I2C3_EV_IRQHandler
                0x0000000008000408                EXTI9_5_IRQHandler
                0x0000000008000408                RTC_WKUP_IRQHandler
                0x0000000008000408                LTDC_IRQHandler
                0x0000000008000408                ETH_WKUP_IRQHandler
                0x0000000008000408                SPI2_IRQHandler
                0x0000000008000408                OTG_HS_EP1_IN_IRQHandler
                0x0000000008000408                DMA1_Stream0_IRQHandler
                0x0000000008000408                CAN1_TX_IRQHandler
                0x0000000008000408                EXTI4_IRQHandler
                0x0000000008000408                ETH_IRQHandler
                0x0000000008000408                OTG_HS_EP1_OUT_IRQHandler
                0x0000000008000408                WWDG_IRQHandler
                0x0000000008000408                SPI6_IRQHandler
                0x0000000008000408                TIM2_IRQHandler
                0x0000000008000408                OTG_FS_WKUP_IRQHandler
                0x0000000008000408                TIM1_TRG_COM_TIM11_IRQHandler
                0x0000000008000408                OTG_HS_IRQHandler
                0x0000000008000408                DMA2D_IRQHandler
                0x0000000008000408                EXTI1_IRQHandler
                0x0000000008000408                UART7_IRQHandler
                0x0000000008000408                USART2_IRQHandler
                0x0000000008000408                I2C2_ER_IRQHandler
                0x0000000008000408                DMA2_Stream1_IRQHandler
                0x0000000008000408                CAN1_SCE_IRQHandler
                0x0000000008000408                FLASH_IRQHandler
                0x0000000008000408                DMA2_Stream4_IRQHandler
                0x0000000008000408                USART1_IRQHandler
                0x0000000008000408                OTG_FS_IRQHandler
                0x0000000008000408                SPI3_IRQHandler
                0x0000000008000408                DMA1_Stream4_IRQHandler
                0x0000000008000408                I2C1_ER_IRQHandler
                0x0000000008000408                FMC_IRQHandler
                0x0000000008000408                DMA2_Stream6_IRQHandler
                0x0000000008000408                SAI1_IRQHandler
                0x0000000008000408                RTC_Alarm_IRQHandler

.inits          0x000000000800040c       0x28
                0x000000000800040c                __data_regions_array_start = .
                0x000000000800040c        0x4 LONG 0x800209c LOADADDR (.data)
                0x0000000008000410        0x4 LONG 0x20000000 ADDR (.data)
                0x0000000008000414        0x4 LONG 0x20000080 (ADDR (.data) + SIZEOF (.data))
                0x0000000008000418        0x4 LONG 0x800209c LOADADDR (.data_CCMRAM)
                0x000000000800041c        0x4 LONG 0x10000000 ADDR (.data_CCMRAM)
                0x0000000008000420        0x4 LONG 0x10000000 (ADDR (.data_CCMRAM) + SIZEOF (.data_CCMRAM))
                0x0000000008000424                __data_regions_array_end = .
                0x0000000008000424                __bss_regions_array_start = .
                0x0000000008000424        0x4 LONG 0x20000080 ADDR (.bss)
                0x0000000008000428        0x4 LONG 0x20000120 (ADDR (.bss) + SIZEOF (.bss))
                0x000000000800042c        0x4 LONG 0x10000000 ADDR (.bss_CCMRAM)
                0x0000000008000430        0x4 LONG 0x10000000 (ADDR (.bss_CCMRAM) + SIZEOF (.bss_CCMRAM))
                0x0000000008000434                __bss_regions_array_end = .
 *(.init)
 *(.fini)
                0x0000000008000434                . = ALIGN (0x4)
                0x0000000008000434                PROVIDE (__preinit_array_start, .)
 *(.preinit_array_sysinit .preinit_array_sysinit.*)
 *(.preinit_array_platform .preinit_array_platform.*)
 *(.preinit_array .preinit_array.*)
                0x0000000008000434                PROVIDE (__preinit_array_end, .)
                0x0000000008000434                . = ALIGN (0x4)
                0x0000000008000434                PROVIDE (__init_array_start, .)
 *(SORT(.init_array.*))
 *(.init_array)
                0x0000000008000434                PROVIDE (__init_array_end, .)
                0x0000000008000434                . = ALIGN (0x4)
                0x0000000008000434                PROVIDE (__fini_array_start, .)
 *(SORT(.fini_array.*))
 *(.fini_array)
                0x0000000008000434                PROVIDE (__fini_array_end, .)

.flashtext
 *(.flashtext .flashtext.*)

.text           0x0000000008000434     0x1c65
 *(.text .text.*)
 .text.HAL_MspInit
                0x0000000008000434        0x4 ./system/src/stm32f4-hal/stm32f4xx_hal.o
                0x0000000008000434                HAL_MspInit
 .text.HAL_InitTick
                0x0000000008000438       0x28 ./system/src/stm32f4-hal/stm32f4xx_hal.o
                0x0000000008000438                HAL_InitTick
 .text.HAL_Init
                0x0000000008000460       0x34 ./system/src/stm32f4-hal/stm32f4xx_hal.o
                0x0000000008000460                HAL_Init
 .text.HAL_IncTick
                0x0000000008000494       0x10 ./system/src/stm32f4-hal/stm32f4xx_hal.o
                0x0000000008000494                HAL_IncTick
 .text.HAL_GetTick
                0x00000000080004a4        0xc ./system/src/stm32f4-hal/stm32f4xx_hal.o
                0x00000000080004a4                HAL_GetTick
 .text.HAL_SuspendTick
                0x00000000080004b0       0x10 ./system/src/stm32f4-hal/stm32f4xx_hal.o
                0x00000000080004b0                HAL_SuspendTick
 .text.HAL_NVIC_SetPriorityGrouping
                0x00000000080004c0       0x3c ./system/src/stm32f4-hal/stm32f4xx_hal_cortex.o
                0x00000000080004c0                HAL_NVIC_SetPriorityGrouping
 .text.HAL_NVIC_SetPriority
                0x00000000080004fc       0x84 ./system/src/stm32f4-hal/stm32f4xx_hal_cortex.o
                0x00000000080004fc                HAL_NVIC_SetPriority
 .text.HAL_NVIC_EnableIRQ
                0x0000000008000580       0x2c ./system/src/stm32f4-hal/stm32f4xx_hal_cortex.o
                0x0000000008000580                HAL_NVIC_EnableIRQ
 .text.HAL_SYSTICK_Config
                0x00000000080005ac       0x2c ./system/src/stm32f4-hal/stm32f4xx_hal_cortex.o
                0x00000000080005ac                HAL_SYSTICK_Config
 .text.HAL_GPIO_Init
                0x00000000080005d8      0x350 ./system/src/stm32f4-hal/stm32f4xx_hal_gpio.o
                0x00000000080005d8                HAL_GPIO_Init
 .text.HAL_GPIO_WritePin
                0x0000000008000928       0x34 ./system/src/stm32f4-hal/stm32f4xx_hal_gpio.o
                0x0000000008000928                HAL_GPIO_WritePin
 .text.HAL_GPIO_TogglePin
                0x000000000800095c       0x20 ./system/src/stm32f4-hal/stm32f4xx_hal_gpio.o
                0x000000000800095c                HAL_GPIO_TogglePin
 .text.HAL_GPIO_EXTI_IRQHandler
                0x000000000800097c       0x18 ./system/src/stm32f4-hal/stm32f4xx_hal_gpio.o
                0x000000000800097c                HAL_GPIO_EXTI_IRQHandler
 .text.HAL_RCC_OscConfig
                0x0000000008000994      0x4ac ./system/src/stm32f4-hal/stm32f4xx_hal_rcc.o
                0x0000000008000994                HAL_RCC_OscConfig
 .text.HAL_RCC_ClockConfig
                0x0000000008000e40      0x32c ./system/src/stm32f4-hal/stm32f4xx_hal_rcc.o
                0x0000000008000e40                HAL_RCC_ClockConfig
 .text.HAL_RCC_GetSysClockFreq
                0x000000000800116c       0xa0 ./system/src/stm32f4-hal/stm32f4xx_hal_rcc.o
                0x000000000800116c                HAL_RCC_GetSysClockFreq
 .text.HAL_RCC_GetHCLKFreq
                0x000000000800120c       0x38 ./system/src/stm32f4-hal/stm32f4xx_hal_rcc.o
                0x000000000800120c                HAL_RCC_GetHCLKFreq
 .text._exit    0x0000000008001244        0x4 ./system/src/newlib/_exit.o
                0x0000000008001244                _exit
 .text._sbrk    0x0000000008001248       0x44 ./system/src/newlib/_sbrk.o
                0x0000000008001248                _sbrk
 .text.__initialize_args
                0x000000000800128c       0x10 ./system/src/newlib/_syscalls.o
                0x000000000800128c                __initialize_args
 .text.trace_printf
                0x000000000800129c       0x34 ./system/src/diag/Trace.o
                0x000000000800129c                trace_printf
 .text._trace_write_semihosting_debug
                0x00000000080012d0       0x60 ./system/src/diag/trace_impl.o
 .text.trace_write
                0x0000000008001330        0x8 ./system/src/diag/trace_impl.o
                0x0000000008001330                trace_write
 .text.__initialize_hardware_early
                0x0000000008001338        0x8 ./system/src/cortexm/_initialize_hardware.o
                0x0000000008001338                __initialize_hardware_early
 .text.dumpExceptionStack
                0x0000000008001340       0xf0 ./system/src/cortexm/exception_handlers.o
                0x0000000008001340                dumpExceptionStack
 .text.isSemihosting
                0x0000000008001430       0x20 ./system/src/cortexm/exception_handlers.o
                0x0000000008001430                isSemihosting
 .text.configure_system_clock
                0x0000000008001450       0x68 ./src/_initialize_hardware.o
                0x0000000008001450                configure_system_clock
 .text.__initialize_hardware
                0x00000000080014b8       0x14 ./src/_initialize_hardware.o
                0x00000000080014b8                __initialize_hardware
 .text.EXTILine0_Config
                0x00000000080014cc       0x44 ./src/main.o
 .text.main     0x0000000008001510       0x18 ./src/main.o
                0x0000000008001510                main
 .text.HAL_GPIO_EXTI_Callback
                0x0000000008001528       0x10 ./src/main.o
                0x0000000008001528                HAL_GPIO_EXTI_Callback
 .text.assert_failed
                0x0000000008001538        0x4 ./src/main.o
                0x0000000008001538                assert_failed
 .text.BSP_LED_Init
                0x000000000800153c       0x5c ./src/stm32f429i_discovery.o
                0x000000000800153c                BSP_LED_Init
 .text.BSP_LED_Toggle
                0x0000000008001598       0x20 ./src/stm32f429i_discovery.o
                0x0000000008001598                BSP_LED_Toggle
 .text.NMI_Handler
                0x00000000080015b8        0x4 ./src/stm32f4xx_it.o
                0x00000000080015b8                NMI_Handler
 .text.HardFault_Handler
                0x00000000080015bc        0x4 ./src/stm32f4xx_it.o
                0x00000000080015bc                HardFault_Handler
 .text.MemManage_Handler
                0x00000000080015c0        0x4 ./src/stm32f4xx_it.o
                0x00000000080015c0                MemManage_Handler
 .text.BusFault_Handler
                0x00000000080015c4        0x4 ./src/stm32f4xx_it.o
                0x00000000080015c4                BusFault_Handler
 .text.UsageFault_Handler
                0x00000000080015c8        0x4 ./src/stm32f4xx_it.o
                0x00000000080015c8                UsageFault_Handler
 .text.SVC_Handler
                0x00000000080015cc        0x4 ./src/stm32f4xx_it.o
                0x00000000080015cc                SVC_Handler
 .text.DebugMon_Handler
                0x00000000080015d0        0x4 ./src/stm32f4xx_it.o
                0x00000000080015d0                DebugMon_Handler
 .text.PendSV_Handler
                0x00000000080015d4        0x4 ./src/stm32f4xx_it.o
                0x00000000080015d4                PendSV_Handler
 .text.SysTick_Handler
                0x00000000080015d8        0x8 ./src/stm32f4xx_it.o
                0x00000000080015d8                SysTick_Handler
 .text.EXTI0_IRQHandler
                0x00000000080015e0        0xc ./src/stm32f4xx_it.o
                0x00000000080015e0                EXTI0_IRQHandler
 .text.SystemInit
                0x00000000080015ec       0x40 ./src/system_stm32f4xx.o
                0x00000000080015ec                SystemInit
 .text.__errno  0x000000000800162c        0xc /usr/local/Cellar/gcc-arm-none-eabi/20140805/bin/../lib/gcc/arm-none-eabi/4.8.4/../../../../arm-none-eabi/lib/armv7e-m/libg_s.a(lib_a-errno.o)
                0x000000000800162c                __errno
 .text.strlen   0x0000000008001638       0x10 /usr/local/Cellar/gcc-arm-none-eabi/20140805/bin/../lib/gcc/arm-none-eabi/4.8.4/../../../../arm-none-eabi/lib/armv7e-m/libg_s.a(lib_a-strlen.o)
                0x0000000008001638                strlen
 .text._vsnprintf_r
                0x0000000008001648       0x52 /usr/local/Cellar/gcc-arm-none-eabi/20140805/bin/../lib/gcc/arm-none-eabi/4.8.4/../../../../arm-none-eabi/lib/armv7e-m/libg_s.a(lib_a-vsnprintf.o)
                0x0000000008001648                _vsnprintf_r
                0x0000000008001648                _vsniprintf_r
 *fill*         0x000000000800169a        0x2 
 .text.vsnprintf
                0x000000000800169c       0x20 /usr/local/Cellar/gcc-arm-none-eabi/20140805/bin/../lib/gcc/arm-none-eabi/4.8.4/../../../../arm-none-eabi/lib/armv7e-m/libg_s.a(lib_a-vsnprintf.o)
                0x000000000800169c                vsnprintf
                0x000000000800169c                vsniprintf
 .text.__ssputs_r
                0x00000000080016bc       0xb8 /usr/local/Cellar/gcc-arm-none-eabi/20140805/bin/../lib/gcc/arm-none-eabi/4.8.4/../../../../arm-none-eabi/lib/armv7e-m/libg_s.a(lib_a-svfprintf.o)
                0x00000000080016bc                __ssputs_r
 .text._svfprintf_r
                0x0000000008001774      0x1dc /usr/local/Cellar/gcc-arm-none-eabi/20140805/bin/../lib/gcc/arm-none-eabi/4.8.4/../../../../arm-none-eabi/lib/armv7e-m/libg_s.a(lib_a-svfprintf.o)
                0x0000000008001774                _svfprintf_r
                0x0000000008001774                _svfiprintf_r
 .text._printf_common
                0x0000000008001950       0xe4 /usr/local/Cellar/gcc-arm-none-eabi/20140805/bin/../lib/gcc/arm-none-eabi/4.8.4/../../../../arm-none-eabi/lib/armv7e-m/libg_s.a(lib_a-vfprintf_i.o)
                0x0000000008001950                _printf_common
 .text._printf_i
                0x0000000008001a34      0x228 /usr/local/Cellar/gcc-arm-none-eabi/20140805/bin/../lib/gcc/arm-none-eabi/4.8.4/../../../../arm-none-eabi/lib/armv7e-m/libg_s.a(lib_a-vfprintf_i.o)
                0x0000000008001a34                _printf_i
 .text.memchr   0x0000000008001c5c       0x1e /usr/local/Cellar/gcc-arm-none-eabi/20140805/bin/../lib/gcc/arm-none-eabi/4.8.4/../../../../arm-none-eabi/lib/armv7e-m/libg_s.a(lib_a-memchr-stub.o)
                0x0000000008001c5c                memchr
 .text.memcpy   0x0000000008001c7a       0x12 /usr/local/Cellar/gcc-arm-none-eabi/20140805/bin/../lib/gcc/arm-none-eabi/4.8.4/../../../../arm-none-eabi/lib/armv7e-m/libg_s.a(lib_a-memcpy-stub.o)
                0x0000000008001c7a                memcpy
 .text.memmove  0x0000000008001c8c       0x36 /usr/local/Cellar/gcc-arm-none-eabi/20140805/bin/../lib/gcc/arm-none-eabi/4.8.4/../../../../arm-none-eabi/lib/armv7e-m/libg_s.a(lib_a-memmove.o)
                0x0000000008001c8c                memmove
 *fill*         0x0000000008001cc2        0x2 
 .text._free_r  0x0000000008001cc4       0x88 /usr/local/Cellar/gcc-arm-none-eabi/20140805/bin/../lib/gcc/arm-none-eabi/4.8.4/../../../../arm-none-eabi/lib/armv7e-m/libg_s.a(lib_a-nano-freer.o)
                0x0000000008001cc4                _free_r
 .text._malloc_r
                0x0000000008001d4c       0xa8 /usr/local/Cellar/gcc-arm-none-eabi/20140805/bin/../lib/gcc/arm-none-eabi/4.8.4/../../../../arm-none-eabi/lib/armv7e-m/libg_s.a(lib_a-nano-mallocr.o)
                0x0000000008001d4c                _malloc_r
 .text._realloc_r
                0x0000000008001df4       0x4c /usr/local/Cellar/gcc-arm-none-eabi/20140805/bin/../lib/gcc/arm-none-eabi/4.8.4/../../../../arm-none-eabi/lib/armv7e-m/libg_s.a(lib_a-nano-reallocr.o)
                0x0000000008001df4                _realloc_r
 .text._sbrk_r  0x0000000008001e40       0x20 /usr/local/Cellar/gcc-arm-none-eabi/20140805/bin/../lib/gcc/arm-none-eabi/4.8.4/../../../../arm-none-eabi/lib/armv7e-m/libg_s.a(lib_a-sbrkr.o)
                0x0000000008001e40                _sbrk_r
 .text._malloc_usable_size_r
                0x0000000008001e60       0x12 /usr/local/Cellar/gcc-arm-none-eabi/20140805/bin/../lib/gcc/arm-none-eabi/4.8.4/../../../../arm-none-eabi/lib/armv7e-m/libg_s.a(lib_a-nano-msizer.o)
                0x0000000008001e60                _malloc_usable_size_r
 *(.rodata .rodata.* .constdata .constdata.*)
 *fill*         0x0000000008001e72        0x2 
 .rodata.str1.4
                0x0000000008001e74       0x31 ./system/src/stm32f4-hal/stm32f4xx_hal_cortex.o
                                         0x34 (size before relaxing)
 *fill*         0x0000000008001ea5        0x3 
 .rodata.str1.4
                0x0000000008001ea8       0x2f ./system/src/stm32f4-hal/stm32f4xx_hal_gpio.o
                                         0x30 (size before relaxing)
 *fill*         0x0000000008001ed7        0x1 
 .rodata.APBAHBPrescTable
                0x0000000008001ed8       0x10 ./system/src/stm32f4-hal/stm32f4xx_hal_rcc.o
                0x0000000008001ed8                APBAHBPrescTable
 .rodata.str1.4
                0x0000000008001ee8       0x2e ./system/src/stm32f4-hal/stm32f4xx_hal_rcc.o
                                         0x30 (size before relaxing)
 *fill*         0x0000000008001f16        0x2 
 .rodata.str1.4
                0x0000000008001f18      0x148 ./system/src/cortexm/exception_handlers.o
 .rodata.GPIO_PIN
                0x0000000008002060        0x4 ./src/stm32f429i_discovery.o
                0x0000000008002060                GPIO_PIN
 .rodata.str1.1
                0x0000000008002064        0x2 /usr/local/Cellar/gcc-arm-none-eabi/20140805/bin/../lib/gcc/arm-none-eabi/4.8.4/../../../../arm-none-eabi/lib/armv7e-m/libg_s.a(lib_a-impure.o)
 .rodata.str1.1
                0x0000000008002066       0x11 /usr/local/Cellar/gcc-arm-none-eabi/20140805/bin/../lib/gcc/arm-none-eabi/4.8.4/../../../../arm-none-eabi/lib/armv7e-m/libg_s.a(lib_a-svfprintf.o)
 .rodata.str1.1
                0x0000000008002077       0x22 /usr/local/Cellar/gcc-arm-none-eabi/20140805/bin/../lib/gcc/arm-none-eabi/4.8.4/../../../../arm-none-eabi/lib/armv7e-m/libg_s.a(lib_a-vfprintf_i.o)
 *(vtable)
 *(.eh_frame*)
 *(.glue_7)
 .glue_7        0x0000000000000000        0x0 linker stubs
 *(.glue_7t)
 .glue_7t       0x0000000000000000        0x0 linker stubs

.vfp11_veneer   0x000000000800209c        0x0
 .vfp11_veneer  0x0000000000000000        0x0 linker stubs

.v4_bx          0x000000000800209c        0x0
 .v4_bx         0x0000000000000000        0x0 linker stubs

.iplt           0x000000000800209c        0x0
 .iplt          0x0000000000000000        0x0 ./system/src/stm32f4-hal/stm32f4xx_hal.o

.rel.dyn        0x000000000800209c        0x0
 .rel.iplt      0x0000000000000000        0x0 ./system/src/stm32f4-hal/stm32f4xx_hal.o

.ARM.extab
 *(.ARM.extab* .gnu.linkonce.armextab.*)
                0x000000000800209c                . = ALIGN (0x4)
                0x000000000800209c                __exidx_start = .

.ARM.exidx
 *(.ARM.exidx* .gnu.linkonce.armexidx.*)
                0x000000000800209c                __exidx_end = .
                0x000000000800209c                . = ALIGN (0x4)
                0x000000000800209c                _etext = .
                0x000000000800209c                __etext = .

.data_CCMRAM    0x0000000010000000        0x0 load address 0x000000000800209c
 FILL mask 0xff
 *(.data.CCMRAM .data.CCMRAM.*)
                0x0000000010000000                . = ALIGN (0x4)
                0x000000000800209c                _sidata = LOADADDR (.data)

.data           0x0000000020000000       0x80 load address 0x000000000800209c
 FILL mask 0xff
                0x0000000020000000                _sdata = .
                0x0000000020000000                __data_start__ = .
 *(.data_begin .data_begin.*)
 .data_begin    0x0000000020000000        0x4 ./system/src/newlib/_startup.o
 *(.data .data.*)
 .data.argv.4014
                0x0000000020000004        0x8 ./system/src/newlib/_syscalls.o
 .data.GPIO_PORT
                0x000000002000000c        0x8 ./src/stm32f429i_discovery.o
                0x000000002000000c                GPIO_PORT
 .data.SystemCoreClock
                0x0000000020000014        0x4 ./src/system_stm32f4xx.o
                0x0000000020000014                SystemCoreClock
 .data.impure_data
                0x0000000020000018       0x60 /usr/local/Cellar/gcc-arm-none-eabi/20140805/bin/../lib/gcc/arm-none-eabi/4.8.4/../../../../arm-none-eabi/lib/armv7e-m/libg_s.a(lib_a-impure.o)
 .data._impure_ptr
                0x0000000020000078        0x4 /usr/local/Cellar/gcc-arm-none-eabi/20140805/bin/../lib/gcc/arm-none-eabi/4.8.4/../../../../arm-none-eabi/lib/armv7e-m/libg_s.a(lib_a-impure.o)
                0x0000000020000078                _impure_ptr
 *(.data_end .data_end.*)
 .data_end      0x000000002000007c        0x4 ./system/src/newlib/_startup.o
                0x0000000020000080                . = ALIGN (0x4)
                0x0000000020000080                _edata = .
                0x0000000020000080                __data_end__ = .

.igot.plt       0x0000000020000080        0x0 load address 0x000000000800211c
 .igot.plt      0x0000000000000000        0x0 ./system/src/stm32f4-hal/stm32f4xx_hal.o

.bss_CCMRAM     0x0000000010000000        0x0
 *(.bss.CCMRAM .bss.CCMRAM.*)

.bss            0x0000000020000080       0xa0
                0x0000000020000080                __bss_start__ = .
                0x0000000020000080                _sbss = .
 *(.bss_begin .bss_begin.*)
 .bss_begin     0x0000000020000080        0x4 ./system/src/newlib/_startup.o
 *(.bss .bss.*)
 .bss.uwTick    0x0000000020000084        0x4 ./system/src/stm32f4-hal/stm32f4xx_hal.o
 .bss.current_heap_end.3842
                0x0000000020000088        0x4 ./system/src/newlib/_sbrk.o
 .bss.name.4013
                0x000000002000008c        0x4 ./system/src/newlib/_syscalls.o
 .bss.buf.4905  0x0000000020000090       0x80 ./system/src/diag/Trace.o
 .bss.__malloc_sbrk_start
                0x0000000020000110        0x4 /usr/local/Cellar/gcc-arm-none-eabi/20140805/bin/../lib/gcc/arm-none-eabi/4.8.4/../../../../arm-none-eabi/lib/armv7e-m/libg_s.a(lib_a-nano-mallocr.o)
                0x0000000020000110                __malloc_sbrk_start
 .bss.__malloc_free_list
                0x0000000020000114        0x4 /usr/local/Cellar/gcc-arm-none-eabi/20140805/bin/../lib/gcc/arm-none-eabi/4.8.4/../../../../arm-none-eabi/lib/armv7e-m/libg_s.a(lib_a-nano-mallocr.o)
                0x0000000020000114                __malloc_free_list
 *(COMMON)
 COMMON         0x0000000020000118        0x4 ./system/src/newlib/_syscalls.o
                0x0000000020000118                errno
 *(.bss_end .bss_end.*)
 .bss_end       0x000000002000011c        0x4 ./system/src/newlib/_startup.o
                0x0000000020000120                . = ALIGN (0x4)
                0x0000000020000120                __bss_end__ = .
                0x0000000020000120                _ebss = .

.noinit_CCMRAM
 *(.noinit.CCMRAM .noinit.CCMRAM.*)

.noinit         0x0000000020000120        0x0
                0x0000000020000120                _noinit = .
 *(.noinit .noinit.*)
                0x0000000020000120                . = ALIGN (0x4)
                0x0000000020000120                _end_noinit = .
                0x0000000020000120                PROVIDE (end, _end_noinit)
                0x0000000020000120                PROVIDE (_end, _end_noinit)
                0x0000000020000120                PROVIDE (__end, _end_noinit)
                0x0000000020000120                PROVIDE (__end__, _end_noinit)

._check_stack   0x0000000020000120      0x100
                0x0000000020000220                . = (. + _Minimum_Stack_Size)
 *fill*         0x0000000020000120      0x100 

.b1text
 *(.b1text)
 *(.b1rodata)
 *(.b1rodata.*)

.eb0text
 *(.eb0text)
 *(.eb0rodata)
 *(.eb0rodata.*)

.eb1text
 *(.eb1text)
 *(.eb1rodata)
 *(.eb1rodata.*)

.eb2text
 *(.eb2text)
 *(.eb2rodata)
 *(.eb2rodata.*)

.eb3text
 *(.eb3text)
 *(.eb3rodata)
 *(.eb3rodata.*)

.stab
 *(.stab)

.stabstr
 *(.stabstr)

.stab.excl
 *(.stab.excl)

.stab.exclstr
 *(.stab.exclstr)

.stab.index
 *(.stab.index)

.stab.indexstr
 *(.stab.indexstr)

.comment        0x0000000000000000       0x70
 *(.comment)
 .comment       0x0000000000000000       0x70 ./system/src/stm32f4-hal/stm32f4xx_hal.o
                                         0x71 (size before relaxing)
 .comment       0x0000000000000000       0x71 ./system/src/stm32f4-hal/stm32f4xx_hal_cortex.o
 .comment       0x0000000000000000       0x71 ./system/src/stm32f4-hal/stm32f4xx_hal_gpio.o
 .comment       0x0000000000000000       0x71 ./system/src/stm32f4-hal/stm32f4xx_hal_rcc.o
 .comment       0x0000000000000000       0x71 ./system/src/newlib/_exit.o
 .comment       0x0000000000000000       0x71 ./system/src/newlib/_sbrk.o
 .comment       0x0000000000000000       0x71 ./system/src/newlib/_startup.o
 .comment       0x0000000000000000       0x71 ./system/src/newlib/_syscalls.o
 .comment       0x0000000000000000       0x71 ./system/src/diag/Trace.o
 .comment       0x0000000000000000       0x71 ./system/src/diag/trace_impl.o
 .comment       0x0000000000000000       0x71 ./system/src/cortexm/_initialize_hardware.o
 .comment       0x0000000000000000       0x71 ./system/src/cortexm/exception_handlers.o
 .comment       0x0000000000000000       0x71 ./system/src/cmsis/vectors_stm32f4xx.o
 .comment       0x0000000000000000       0x71 ./src/_initialize_hardware.o
 .comment       0x0000000000000000       0x71 ./src/main.o
 .comment       0x0000000000000000       0x71 ./src/stm32f429i_discovery.o
 .comment       0x0000000000000000       0x71 ./src/stm32f4xx_it.o
 .comment       0x0000000000000000       0x71 ./src/system_stm32f4xx.o

.ARM.attributes
                0x0000000000000000       0x33
 .ARM.attributes
                0x0000000000000000       0x33 ./system/src/stm32f4-hal/stm32f4xx_hal.o
 .ARM.attributes
                0x0000000000000033       0x33 ./system/src/stm32f4-hal/stm32f4xx_hal_cortex.o
 .ARM.attributes
                0x0000000000000066       0x33 ./system/src/stm32f4-hal/stm32f4xx_hal_gpio.o
 .ARM.attributes
                0x0000000000000099       0x33 ./system/src/stm32f4-hal/stm32f4xx_hal_rcc.o
 .ARM.attributes
                0x00000000000000cc       0x33 ./system/src/newlib/_exit.o
 .ARM.attributes
                0x00000000000000ff       0x33 ./system/src/newlib/_sbrk.o
 .ARM.attributes
                0x0000000000000132       0x33 ./system/src/newlib/_startup.o
 .ARM.attributes
                0x0000000000000165       0x33 ./system/src/newlib/_syscalls.o
 .ARM.attributes
                0x0000000000000198       0x33 ./system/src/diag/Trace.o
 .ARM.attributes
                0x00000000000001cb       0x33 ./system/src/diag/trace_impl.o
 .ARM.attributes
                0x00000000000001fe       0x33 ./system/src/cortexm/_initialize_hardware.o
 .ARM.attributes
                0x0000000000000231       0x33 ./system/src/cortexm/exception_handlers.o
 .ARM.attributes
                0x0000000000000264       0x33 ./system/src/cmsis/vectors_stm32f4xx.o
 .ARM.attributes
                0x0000000000000297       0x33 ./src/_initialize_hardware.o
 .ARM.attributes
                0x00000000000002ca       0x33 ./src/main.o
 .ARM.attributes
                0x00000000000002fd       0x33 ./src/stm32f429i_discovery.o
 .ARM.attributes
                0x0000000000000330       0x33 ./src/stm32f4xx_it.o
 .ARM.attributes
                0x0000000000000363       0x33 ./src/system_stm32f4xx.o
 .ARM.attributes
                0x0000000000000396       0x2e /usr/local/Cellar/gcc-arm-none-eabi/20140805/bin/../lib/gcc/arm-none-eabi/4.8.4/../../../../arm-none-eabi/lib/armv7e-m/libg_s.a(lib_a-errno.o)
 .ARM.attributes
                0x00000000000003c4       0x2e /usr/local/Cellar/gcc-arm-none-eabi/20140805/bin/../lib/gcc/arm-none-eabi/4.8.4/../../../../arm-none-eabi/lib/armv7e-m/libg_s.a(lib_a-impure.o)
 .ARM.attributes
                0x00000000000003f2       0x2e /usr/local/Cellar/gcc-arm-none-eabi/20140805/bin/../lib/gcc/arm-none-eabi/4.8.4/../../../../arm-none-eabi/lib/armv7e-m/libg_s.a(lib_a-strlen.o)
 .ARM.attributes
                0x0000000000000420       0x2e /usr/local/Cellar/gcc-arm-none-eabi/20140805/bin/../lib/gcc/arm-none-eabi/4.8.4/../../../../arm-none-eabi/lib/armv7e-m/libg_s.a(lib_a-vsnprintf.o)
 .ARM.attributes
                0x000000000000044e       0x2e /usr/local/Cellar/gcc-arm-none-eabi/20140805/bin/../lib/gcc/arm-none-eabi/4.8.4/../../../../arm-none-eabi/lib/armv7e-m/libg_s.a(lib_a-svfprintf.o)
 .ARM.attributes
                0x000000000000047c       0x2e /usr/local/Cellar/gcc-arm-none-eabi/20140805/bin/../lib/gcc/arm-none-eabi/4.8.4/../../../../arm-none-eabi/lib/armv7e-m/libg_s.a(lib_a-vfprintf_i.o)
 .ARM.attributes
                0x00000000000004aa       0x2e /usr/local/Cellar/gcc-arm-none-eabi/20140805/bin/../lib/gcc/arm-none-eabi/4.8.4/../../../../arm-none-eabi/lib/armv7e-m/libg_s.a(lib_a-memchr-stub.o)
 .ARM.attributes
                0x00000000000004d8       0x2e /usr/local/Cellar/gcc-arm-none-eabi/20140805/bin/../lib/gcc/arm-none-eabi/4.8.4/../../../../arm-none-eabi/lib/armv7e-m/libg_s.a(lib_a-memcpy-stub.o)
 .ARM.attributes
                0x0000000000000506       0x2e /usr/local/Cellar/gcc-arm-none-eabi/20140805/bin/../lib/gcc/arm-none-eabi/4.8.4/../../../../arm-none-eabi/lib/armv7e-m/libg_s.a(lib_a-memmove.o)
 .ARM.attributes
                0x0000000000000534       0x2e /usr/local/Cellar/gcc-arm-none-eabi/20140805/bin/../lib/gcc/arm-none-eabi/4.8.4/../../../../arm-none-eabi/lib/armv7e-m/libg_s.a(lib_a-nano-freer.o)
 .ARM.attributes
                0x0000000000000562       0x2e /usr/local/Cellar/gcc-arm-none-eabi/20140805/bin/../lib/gcc/arm-none-eabi/4.8.4/../../../../arm-none-eabi/lib/armv7e-m/libg_s.a(lib_a-nano-mallocr.o)
 .ARM.attributes
                0x0000000000000590       0x2e /usr/local/Cellar/gcc-arm-none-eabi/20140805/bin/../lib/gcc/arm-none-eabi/4.8.4/../../../../arm-none-eabi/lib/armv7e-m/libg_s.a(lib_a-nano-reallocr.o)
 .ARM.attributes
                0x00000000000005be       0x2e /usr/local/Cellar/gcc-arm-none-eabi/20140805/bin/../lib/gcc/arm-none-eabi/4.8.4/../../../../arm-none-eabi/lib/armv7e-m/libg_s.a(lib_a-sbrkr.o)
 .ARM.attributes
                0x00000000000005ec       0x2e /usr/local/Cellar/gcc-arm-none-eabi/20140805/bin/../lib/gcc/arm-none-eabi/4.8.4/../../../../arm-none-eabi/lib/armv7e-m/libg_s.a(lib_a-nano-msizer.o)

.debug
 *(.debug)

.line
 *(.line)

.debug_srcinfo
 *(.debug_srcinfo)

.debug_sfnames
 *(.debug_sfnames)

.debug_aranges  0x0000000000000000      0x660
 *(.debug_aranges)
 .debug_aranges
                0x0000000000000000       0xd0 ./system/src/stm32f4-hal/stm32f4xx_hal.o
 .debug_aranges
                0x00000000000000d0       0x90 ./system/src/stm32f4-hal/stm32f4xx_hal_cortex.o
 .debug_aranges
                0x0000000000000160       0x58 ./system/src/stm32f4-hal/stm32f4xx_hal_gpio.o
 .debug_aranges
                0x00000000000001b8       0x88 ./system/src/stm32f4-hal/stm32f4xx_hal_rcc.o
 .debug_aranges
                0x0000000000000240       0x28 ./system/src/newlib/_exit.o
 .debug_aranges
                0x0000000000000268       0x20 ./system/src/newlib/_sbrk.o
 .debug_aranges
                0x0000000000000288       0x40 ./system/src/newlib/_startup.o
 .debug_aranges
                0x00000000000002c8       0x30 ./system/src/newlib/_syscalls.o
 .debug_aranges
                0x00000000000002f8       0x38 ./system/src/diag/Trace.o
 .debug_aranges
                0x0000000000000330       0x30 ./system/src/diag/trace_impl.o
 .debug_aranges
                0x0000000000000360       0x28 ./system/src/cortexm/_initialize_hardware.o
 .debug_aranges
                0x0000000000000388       0x90 ./system/src/cortexm/exception_handlers.o
 .debug_aranges
                0x0000000000000418       0x20 ./system/src/cmsis/vectors_stm32f4xx.o
 .debug_aranges
                0x0000000000000438       0x28 ./src/_initialize_hardware.o
 .debug_aranges
                0x0000000000000460       0x38 ./src/main.o
 .debug_aranges
                0x0000000000000498      0x138 ./src/stm32f429i_discovery.o
 .debug_aranges
                0x00000000000005d0       0x68 ./src/stm32f4xx_it.o
 .debug_aranges
                0x0000000000000638       0x28 ./src/system_stm32f4xx.o

.debug_pubnames
 *(.debug_pubnames)

.debug_info     0x0000000000000000     0x7fbd
 *(.debug_info .gnu.linkonce.wi.*)
 .debug_info    0x0000000000000000      0xad6 ./system/src/stm32f4-hal/stm32f4xx_hal.o
 .debug_info    0x0000000000000ad6      0xe62 ./system/src/stm32f4-hal/stm32f4xx_hal_cortex.o
 .debug_info    0x0000000000001938      0x848 ./system/src/stm32f4-hal/stm32f4xx_hal_gpio.o
 .debug_info    0x0000000000002180     0x12c1 ./system/src/stm32f4-hal/stm32f4xx_hal_rcc.o
 .debug_info    0x0000000000003441      0x100 ./system/src/newlib/_exit.o
 .debug_info    0x0000000000003541      0x125 ./system/src/newlib/_sbrk.o
 .debug_info    0x0000000000003666      0x50f ./system/src/newlib/_startup.o
 .debug_info    0x0000000000003b75      0x1a9 ./system/src/newlib/_syscalls.o
 .debug_info    0x0000000000003d1e      0x32b ./system/src/diag/Trace.o
 .debug_info    0x0000000000004049      0x304 ./system/src/diag/trace_impl.o
 .debug_info    0x000000000000434d       0xdf ./system/src/cortexm/_initialize_hardware.o
 .debug_info    0x000000000000442c      0x8e7 ./system/src/cortexm/exception_handlers.o
 .debug_info    0x0000000000004d13       0xd1 ./system/src/cmsis/vectors_stm32f4xx.o
 .debug_info    0x0000000000004de4      0x4cf ./src/_initialize_hardware.o
 .debug_info    0x00000000000052b3      0x7c7 ./src/main.o
 .debug_info    0x0000000000005a7a     0x1f24 ./src/stm32f429i_discovery.o
 .debug_info    0x000000000000799e      0x17f ./src/stm32f4xx_it.o
 .debug_info    0x0000000000007b1d      0x4a0 ./src/system_stm32f4xx.o

.debug_abbrev   0x0000000000000000     0x1cba
 *(.debug_abbrev)
 .debug_abbrev  0x0000000000000000      0x27e ./system/src/stm32f4-hal/stm32f4xx_hal.o
 .debug_abbrev  0x000000000000027e      0x2c5 ./system/src/stm32f4-hal/stm32f4xx_hal_cortex.o
 .debug_abbrev  0x0000000000000543      0x1fe ./system/src/stm32f4-hal/stm32f4xx_hal_gpio.o
 .debug_abbrev  0x0000000000000741      0x2c1 ./system/src/stm32f4-hal/stm32f4xx_hal_rcc.o
 .debug_abbrev  0x0000000000000a02       0xa4 ./system/src/newlib/_exit.o
 .debug_abbrev  0x0000000000000aa6       0xbb ./system/src/newlib/_sbrk.o
 .debug_abbrev  0x0000000000000b61      0x211 ./system/src/newlib/_startup.o
 .debug_abbrev  0x0000000000000d72       0xe7 ./system/src/newlib/_syscalls.o
 .debug_abbrev  0x0000000000000e59      0x178 ./system/src/diag/Trace.o
 .debug_abbrev  0x0000000000000fd1      0x1bd ./system/src/diag/trace_impl.o
 .debug_abbrev  0x000000000000118e       0x88 ./system/src/cortexm/_initialize_hardware.o
 .debug_abbrev  0x0000000000001216      0x23e ./system/src/cortexm/exception_handlers.o
 .debug_abbrev  0x0000000000001454       0x9d ./system/src/cmsis/vectors_stm32f4xx.o
 .debug_abbrev  0x00000000000014f1      0x17e ./src/_initialize_hardware.o
 .debug_abbrev  0x000000000000166f      0x1e1 ./src/main.o
 .debug_abbrev  0x0000000000001850      0x297 ./src/stm32f429i_discovery.o
 .debug_abbrev  0x0000000000001ae7       0xcf ./src/stm32f4xx_it.o
 .debug_abbrev  0x0000000000001bb6      0x104 ./src/system_stm32f4xx.o

.debug_line     0x0000000000000000     0x4cef
 *(.debug_line)
 .debug_line    0x0000000000000000      0x549 ./system/src/stm32f4-hal/stm32f4xx_hal.o
 .debug_line    0x0000000000000549      0x555 ./system/src/stm32f4-hal/stm32f4xx_hal_cortex.o
 .debug_line    0x0000000000000a9e      0x535 ./system/src/stm32f4-hal/stm32f4xx_hal_gpio.o
 .debug_line    0x0000000000000fd3      0x830 ./system/src/stm32f4-hal/stm32f4xx_hal_rcc.o
 .debug_line    0x0000000000001803      0x282 ./system/src/newlib/_exit.o
 .debug_line    0x0000000000001a85      0x234 ./system/src/newlib/_sbrk.o
 .debug_line    0x0000000000001cb9      0x304 ./system/src/newlib/_startup.o
 .debug_line    0x0000000000001fbd      0x32b ./system/src/newlib/_syscalls.o
 .debug_line    0x00000000000022e8      0x33f ./system/src/diag/Trace.o
 .debug_line    0x0000000000002627      0x5a9 ./system/src/diag/trace_impl.o
 .debug_line    0x0000000000002bd0      0x3a3 ./system/src/cortexm/_initialize_hardware.o
 .debug_line    0x0000000000002f73      0x6a9 ./system/src/cortexm/exception_handlers.o
 .debug_line    0x000000000000361c       0xf7 ./system/src/cmsis/vectors_stm32f4xx.o
 .debug_line    0x0000000000003713      0x398 ./src/_initialize_hardware.o
 .debug_line    0x0000000000003aab      0x3c5 ./src/main.o
 .debug_line    0x0000000000003e70      0x6b8 ./src/stm32f429i_discovery.o
 .debug_line    0x0000000000004528      0x432 ./src/stm32f4xx_it.o
 .debug_line    0x000000000000495a      0x395 ./src/system_stm32f4xx.o

.debug_frame    0x0000000000000000     0x1118
 *(.debug_frame)
 .debug_frame   0x0000000000000000      0x1a4 ./system/src/stm32f4-hal/stm32f4xx_hal.o
 .debug_frame   0x00000000000001a4      0x164 ./system/src/stm32f4-hal/stm32f4xx_hal_cortex.o
 .debug_frame   0x0000000000000308       0xf0 ./system/src/stm32f4-hal/stm32f4xx_hal_gpio.o
 .debug_frame   0x00000000000003f8      0x138 ./system/src/stm32f4-hal/stm32f4xx_hal_rcc.o
 .debug_frame   0x0000000000000530       0x38 ./system/src/newlib/_exit.o
 .debug_frame   0x0000000000000568       0x28 ./system/src/newlib/_sbrk.o
 .debug_frame   0x0000000000000590       0x7c ./system/src/newlib/_startup.o
 .debug_frame   0x000000000000060c       0x50 ./system/src/newlib/_syscalls.o
 .debug_frame   0x000000000000065c       0x80 ./system/src/diag/Trace.o
 .debug_frame   0x00000000000006dc       0x5c ./system/src/diag/trace_impl.o
 .debug_frame   0x0000000000000738       0x40 ./system/src/cortexm/_initialize_hardware.o
 .debug_frame   0x0000000000000778      0x154 ./system/src/cortexm/exception_handlers.o
 .debug_frame   0x00000000000008cc       0x20 ./system/src/cmsis/vectors_stm32f4xx.o
 .debug_frame   0x00000000000008ec       0x44 ./src/_initialize_hardware.o
 .debug_frame   0x0000000000000930       0x6c ./src/main.o
 .debug_frame   0x000000000000099c      0x3c8 ./src/stm32f429i_discovery.o
 .debug_frame   0x0000000000000d64       0xc0 ./src/stm32f4xx_it.o
 .debug_frame   0x0000000000000e24       0x30 ./src/system_stm32f4xx.o
 .debug_frame   0x0000000000000e54       0x20 /usr/local/Cellar/gcc-arm-none-eabi/20140805/bin/../lib/gcc/arm-none-eabi/4.8.4/../../../../arm-none-eabi/lib/armv7e-m/libg_s.a(lib_a-errno.o)
 .debug_frame   0x0000000000000e74       0x20 /usr/local/Cellar/gcc-arm-none-eabi/20140805/bin/../lib/gcc/arm-none-eabi/4.8.4/../../../../arm-none-eabi/lib/armv7e-m/libg_s.a(lib_a-strlen.o)
 .debug_frame   0x0000000000000e94       0x4c /usr/local/Cellar/gcc-arm-none-eabi/20140805/bin/../lib/gcc/arm-none-eabi/4.8.4/../../../../arm-none-eabi/lib/armv7e-m/libg_s.a(lib_a-vsnprintf.o)
 .debug_frame   0x0000000000000ee0       0x88 /usr/local/Cellar/gcc-arm-none-eabi/20140805/bin/../lib/gcc/arm-none-eabi/4.8.4/../../../../arm-none-eabi/lib/armv7e-m/libg_s.a(lib_a-svfprintf.o)
 .debug_frame   0x0000000000000f68       0x60 /usr/local/Cellar/gcc-arm-none-eabi/20140805/bin/../lib/gcc/arm-none-eabi/4.8.4/../../../../arm-none-eabi/lib/armv7e-m/libg_s.a(lib_a-vfprintf_i.o)
 .debug_frame   0x0000000000000fc8       0x28 /usr/local/Cellar/gcc-arm-none-eabi/20140805/bin/../lib/gcc/arm-none-eabi/4.8.4/../../../../arm-none-eabi/lib/armv7e-m/libg_s.a(lib_a-memchr-stub.o)
 .debug_frame   0x0000000000000ff0       0x28 /usr/local/Cellar/gcc-arm-none-eabi/20140805/bin/../lib/gcc/arm-none-eabi/4.8.4/../../../../arm-none-eabi/lib/armv7e-m/libg_s.a(lib_a-memcpy-stub.o)
 .debug_frame   0x0000000000001018       0x2c /usr/local/Cellar/gcc-arm-none-eabi/20140805/bin/../lib/gcc/arm-none-eabi/4.8.4/../../../../arm-none-eabi/lib/armv7e-m/libg_s.a(lib_a-memmove.o)
 .debug_frame   0x0000000000001044       0x2c /usr/local/Cellar/gcc-arm-none-eabi/20140805/bin/../lib/gcc/arm-none-eabi/4.8.4/../../../../arm-none-eabi/lib/armv7e-m/libg_s.a(lib_a-nano-freer.o)
 .debug_frame   0x0000000000001070       0x2c /usr/local/Cellar/gcc-arm-none-eabi/20140805/bin/../lib/gcc/arm-none-eabi/4.8.4/../../../../arm-none-eabi/lib/armv7e-m/libg_s.a(lib_a-nano-mallocr.o)
 .debug_frame   0x000000000000109c       0x30 /usr/local/Cellar/gcc-arm-none-eabi/20140805/bin/../lib/gcc/arm-none-eabi/4.8.4/../../../../arm-none-eabi/lib/armv7e-m/libg_s.a(lib_a-nano-reallocr.o)
 .debug_frame   0x00000000000010cc       0x2c /usr/local/Cellar/gcc-arm-none-eabi/20140805/bin/../lib/gcc/arm-none-eabi/4.8.4/../../../../arm-none-eabi/lib/armv7e-m/libg_s.a(lib_a-sbrkr.o)
 .debug_frame   0x00000000000010f8       0x20 /usr/local/Cellar/gcc-arm-none-eabi/20140805/bin/../lib/gcc/arm-none-eabi/4.8.4/../../../../arm-none-eabi/lib/armv7e-m/libg_s.a(lib_a-nano-msizer.o)

.debug_str      0x0000000000000000    0x74f67
 *(.debug_str)
 .debug_str     0x0000000000000000    0x6d053 ./system/src/stm32f4-hal/stm32f4xx_hal.o
                                      0x6d390 (size before relaxing)
 .debug_str     0x000000000006d053      0x2a3 ./system/src/stm32f4-hal/stm32f4xx_hal_cortex.o
                                      0x6d09e (size before relaxing)
 .debug_str     0x000000000006d2f6      0x2d1 ./system/src/stm32f4-hal/stm32f4xx_hal_gpio.o
                                      0x6cb65 (size before relaxing)
 .debug_str     0x000000000006d5c7      0x41f ./system/src/stm32f4-hal/stm32f4xx_hal_rcc.o
                                      0x6cd9c (size before relaxing)
 .debug_str     0x000000000006d9e6     0x2989 ./system/src/newlib/_exit.o
                                       0x4f39 (size before relaxing)
 .debug_str     0x000000000007036f      0x4de ./system/src/newlib/_sbrk.o
                                       0x44ef (size before relaxing)
 .debug_str     0x000000000007084d      0x2cc ./system/src/newlib/_startup.o
                                       0x412b (size before relaxing)
 .debug_str     0x0000000000070b19      0xc2d ./system/src/newlib/_syscalls.o
                                       0x515e (size before relaxing)
 .debug_str     0x0000000000071746     0x176a ./system/src/diag/Trace.o
                                       0x6620 (size before relaxing)
 .debug_str     0x0000000000072eb0      0x372 ./system/src/diag/trace_impl.o
                                      0x6e782 (size before relaxing)
 .debug_str     0x0000000000073222       0x4e ./system/src/cortexm/_initialize_hardware.o
                                      0x6c791 (size before relaxing)
 .debug_str     0x0000000000073270      0x19d ./system/src/cortexm/exception_handlers.o
                                      0x70395 (size before relaxing)
 .debug_str     0x000000000007340d       0x57 ./system/src/cmsis/vectors_stm32f4xx.o
                                       0x2fe9 (size before relaxing)
 .debug_str     0x0000000000073464       0x35 ./src/_initialize_hardware.o
                                      0x6c9ff (size before relaxing)
 .debug_str     0x0000000000073499      0xf6a ./src/main.o
                                      0x6ddf3 (size before relaxing)
 .debug_str     0x0000000000074403      0xaf2 ./src/stm32f429i_discovery.o
                                      0x6e966 (size before relaxing)
 .debug_str     0x0000000000074ef5       0x39 ./src/stm32f4xx_it.o
                                      0x6d6f0 (size before relaxing)
 .debug_str     0x0000000000074f2e       0x39 ./src/system_stm32f4xx.o
                                      0x6c8f5 (size before relaxing)

.debug_loc      0x0000000000000000     0x264c
 *(.debug_loc)
 .debug_loc     0x0000000000000000      0x102 ./system/src/stm32f4-hal/stm32f4xx_hal.o
 .debug_loc     0x0000000000000102      0x63b ./system/src/stm32f4-hal/stm32f4xx_hal_cortex.o
 .debug_loc     0x000000000000073d      0x457 ./system/src/stm32f4-hal/stm32f4xx_hal_gpio.o
 .debug_loc     0x0000000000000b94      0x7c8 ./system/src/stm32f4-hal/stm32f4xx_hal_rcc.o
 .debug_loc     0x000000000000135c       0x6b ./system/src/newlib/_sbrk.o
 .debug_loc     0x00000000000013c7      0x36e ./system/src/newlib/_startup.o
 .debug_loc     0x0000000000001735       0x63 ./system/src/newlib/_syscalls.o
 .debug_loc     0x0000000000001798       0xf7 ./system/src/diag/Trace.o
 .debug_loc     0x000000000000188f      0x17c ./system/src/diag/trace_impl.o
 .debug_loc     0x0000000000001a0b      0x2a8 ./system/src/cortexm/exception_handlers.o
 .debug_loc     0x0000000000001cb3       0x21 ./src/main.o
 .debug_loc     0x0000000000001cd4      0x853 ./src/stm32f429i_discovery.o
 .debug_loc     0x0000000000002527      0x125 ./src/system_stm32f4xx.o

.debug_macinfo
 *(.debug_macinfo)

.debug_weaknames
 *(.debug_weaknames)

.debug_funcnames
 *(.debug_funcnames)

.debug_typenames
 *(.debug_typenames)

.debug_varnames
 *(.debug_varnames)
OUTPUT(p1_stm32.elf elf32-littlearm)

.debug_ranges   0x0000000000000000      0x570
 .debug_ranges  0x0000000000000000       0xc0 ./system/src/stm32f4-hal/stm32f4xx_hal.o
 .debug_ranges  0x00000000000000c0       0x80 ./system/src/stm32f4-hal/stm32f4xx_hal_cortex.o
 .debug_ranges  0x0000000000000140       0x48 ./system/src/stm32f4-hal/stm32f4xx_hal_gpio.o
 .debug_ranges  0x0000000000000188       0x78 ./system/src/stm32f4-hal/stm32f4xx_hal_rcc.o
 .debug_ranges  0x0000000000000200       0x18 ./system/src/newlib/_exit.o
 .debug_ranges  0x0000000000000218       0x10 ./system/src/newlib/_sbrk.o
 .debug_ranges  0x0000000000000228       0x30 ./system/src/newlib/_startup.o
 .debug_ranges  0x0000000000000258       0x20 ./system/src/newlib/_syscalls.o
 .debug_ranges  0x0000000000000278       0x28 ./system/src/diag/Trace.o
 .debug_ranges  0x00000000000002a0       0x38 ./system/src/diag/trace_impl.o
 .debug_ranges  0x00000000000002d8       0x18 ./system/src/cortexm/_initialize_hardware.o
 .debug_ranges  0x00000000000002f0       0x98 ./system/src/cortexm/exception_handlers.o
 .debug_ranges  0x0000000000000388       0x10 ./system/src/cmsis/vectors_stm32f4xx.o
 .debug_ranges  0x0000000000000398       0x18 ./src/_initialize_hardware.o
 .debug_ranges  0x00000000000003b0       0x28 ./src/main.o
 .debug_ranges  0x00000000000003d8      0x128 ./src/stm32f429i_discovery.o
 .debug_ranges  0x0000000000000500       0x58 ./src/stm32f4xx_it.o
 .debug_ranges  0x0000000000000558       0x18 ./src/system_stm32f4xx.o

.debug_macro    0x0000000000000000    0x1428c
 .debug_macro   0x0000000000000000      0x1c1 ./system/src/stm32f4-hal/stm32f4xx_hal.o
 .debug_macro   0x00000000000001c1      0x87a ./system/src/stm32f4-hal/stm32f4xx_hal.o
 .debug_macro   0x0000000000000a3b      0x1a2 ./system/src/stm32f4-hal/stm32f4xx_hal.o
 .debug_macro   0x0000000000000bdd       0x2e ./system/src/stm32f4-hal/stm32f4xx_hal.o
 .debug_macro   0x0000000000000c0b       0x28 ./system/src/stm32f4-hal/stm32f4xx_hal.o
 .debug_macro   0x0000000000000c33       0x3b ./system/src/stm32f4-hal/stm32f4xx_hal.o
 .debug_macro   0x0000000000000c6e      0x34e ./system/src/stm32f4-hal/stm32f4xx_hal.o
 .debug_macro   0x0000000000000fbc       0x2d ./system/src/stm32f4-hal/stm32f4xx_hal.o
 .debug_macro   0x0000000000000fe9       0x26 ./system/src/stm32f4-hal/stm32f4xx_hal.o
 .debug_macro   0x000000000000100f      0xd39 ./system/src/stm32f4-hal/stm32f4xx_hal.o
 .debug_macro   0x0000000000001d48     0xa15f ./system/src/stm32f4-hal/stm32f4xx_hal.o
 .debug_macro   0x000000000000bea7       0x43 ./system/src/stm32f4-hal/stm32f4xx_hal.o
 .debug_macro   0x000000000000beea     0x2694 ./system/src/stm32f4-hal/stm32f4xx_hal.o
 .debug_macro   0x000000000000e57e       0x64 ./system/src/stm32f4-hal/stm32f4xx_hal.o
 .debug_macro   0x000000000000e5e2      0xa22 ./system/src/stm32f4-hal/stm32f4xx_hal.o
 .debug_macro   0x000000000000f004      0x6bd ./system/src/stm32f4-hal/stm32f4xx_hal.o
 .debug_macro   0x000000000000f6c1      0x15b ./system/src/stm32f4-hal/stm32f4xx_hal.o
 .debug_macro   0x000000000000f81c      0x11e ./system/src/stm32f4-hal/stm32f4xx_hal.o
 .debug_macro   0x000000000000f93a      0x160 ./system/src/stm32f4-hal/stm32f4xx_hal.o
 .debug_macro   0x000000000000fa9a       0x27 ./system/src/stm32f4-hal/stm32f4xx_hal.o
 .debug_macro   0x000000000000fac1      0x272 ./system/src/stm32f4-hal/stm32f4xx_hal.o
 .debug_macro   0x000000000000fd33       0x5f ./system/src/stm32f4-hal/stm32f4xx_hal.o
 .debug_macro   0x000000000000fd92       0x5d ./system/src/stm32f4-hal/stm32f4xx_hal.o
 .debug_macro   0x000000000000fdef      0x133 ./system/src/stm32f4-hal/stm32f4xx_hal.o
 .debug_macro   0x000000000000ff22      0x416 ./system/src/stm32f4-hal/stm32f4xx_hal.o
 .debug_macro   0x0000000000010338       0x2e ./system/src/stm32f4-hal/stm32f4xx_hal.o
 .debug_macro   0x0000000000010366      0x17d ./system/src/stm32f4-hal/stm32f4xx_hal.o
 .debug_macro   0x00000000000104e3       0x22 ./system/src/stm32f4-hal/stm32f4xx_hal.o
 .debug_macro   0x0000000000010505       0x9e ./system/src/stm32f4-hal/stm32f4xx_hal.o
 .debug_macro   0x00000000000105a3      0x13a ./system/src/stm32f4-hal/stm32f4xx_hal.o
 .debug_macro   0x00000000000106dd       0xb5 ./system/src/stm32f4-hal/stm32f4xx_hal.o
 .debug_macro   0x0000000000010792       0x97 ./system/src/stm32f4-hal/stm32f4xx_hal.o
 .debug_macro   0x0000000000010829      0x202 ./system/src/stm32f4-hal/stm32f4xx_hal.o
 .debug_macro   0x0000000000010a2b      0x12d ./system/src/stm32f4-hal/stm32f4xx_hal.o
 .debug_macro   0x0000000000010b58      0x173 ./system/src/stm32f4-hal/stm32f4xx_hal_cortex.o
 .debug_macro   0x0000000000010ccb      0x1ab ./system/src/stm32f4-hal/stm32f4xx_hal_gpio.o
 .debug_macro   0x0000000000010e76      0x1b5 ./system/src/stm32f4-hal/stm32f4xx_hal_rcc.o
 .debug_macro   0x000000000001102b      0x11b ./system/src/newlib/_exit.o
 .debug_macro   0x0000000000011146       0xa3 ./system/src/newlib/_exit.o
 .debug_macro   0x00000000000111e9      0x10e ./system/src/newlib/_exit.o
 .debug_macro   0x00000000000112f7       0x86 ./system/src/newlib/_exit.o
 .debug_macro   0x000000000001137d       0x43 ./system/src/newlib/_exit.o
 .debug_macro   0x00000000000113c0       0x10 ./system/src/newlib/_exit.o
 .debug_macro   0x00000000000113d0       0x35 ./system/src/newlib/_exit.o
 .debug_macro   0x0000000000011405       0xd1 ./system/src/newlib/_sbrk.o
 .debug_macro   0x00000000000114d6       0x19 ./system/src/newlib/_sbrk.o
 .debug_macro   0x00000000000114ef      0x16d ./system/src/newlib/_sbrk.o
 .debug_macro   0x000000000001165c       0x10 ./system/src/newlib/_sbrk.o
 .debug_macro   0x000000000001166c      0x23b ./system/src/newlib/_sbrk.o
 .debug_macro   0x00000000000118a7       0xdb ./system/src/newlib/_startup.o
 .debug_macro   0x0000000000011982      0x880 ./system/src/newlib/_startup.o
 .debug_macro   0x0000000000012202      0x169 ./system/src/newlib/_syscalls.o
 .debug_macro   0x000000000001236b       0x1c ./system/src/newlib/_syscalls.o
 .debug_macro   0x0000000000012387       0x10 ./system/src/newlib/_syscalls.o
 .debug_macro   0x0000000000012397       0x10 ./system/src/newlib/_syscalls.o
 .debug_macro   0x00000000000123a7       0x10 ./system/src/newlib/_syscalls.o
 .debug_macro   0x00000000000123b7       0x35 ./system/src/newlib/_syscalls.o
 .debug_macro   0x00000000000123ec      0x120 ./system/src/newlib/_syscalls.o
 .debug_macro   0x000000000001250c       0x22 ./system/src/newlib/_syscalls.o
 .debug_macro   0x000000000001252e       0x2b ./system/src/newlib/_syscalls.o
 .debug_macro   0x0000000000012559      0x118 ./system/src/newlib/_syscalls.o
 .debug_macro   0x0000000000012671      0x13a ./system/src/newlib/_syscalls.o
 .debug_macro   0x00000000000127ab       0x16 ./system/src/newlib/_syscalls.o
 .debug_macro   0x00000000000127c1      0x15a ./system/src/diag/Trace.o
 .debug_macro   0x000000000001291b       0x16 ./system/src/diag/Trace.o
 .debug_macro   0x0000000000012931       0x97 ./system/src/diag/Trace.o
 .debug_macro   0x00000000000129c8       0x10 ./system/src/diag/Trace.o
 .debug_macro   0x00000000000129d8       0xf6 ./system/src/diag/Trace.o
 .debug_macro   0x0000000000012ace       0x16 ./system/src/diag/Trace.o
 .debug_macro   0x0000000000012ae4      0x16c ./system/src/diag/Trace.o
 .debug_macro   0x0000000000012c50       0x52 ./system/src/diag/Trace.o
 .debug_macro   0x0000000000012ca2      0x283 ./system/src/diag/Trace.o
 .debug_macro   0x0000000000012f25       0x10 ./system/src/diag/Trace.o
 .debug_macro   0x0000000000012f35       0x1f ./system/src/diag/Trace.o
 .debug_macro   0x0000000000012f54      0x254 ./system/src/diag/trace_impl.o
 .debug_macro   0x00000000000131a8       0x22 ./system/src/diag/trace_impl.o
 .debug_macro   0x00000000000131ca      0x17d ./system/src/cortexm/_initialize_hardware.o
 .debug_macro   0x0000000000013347      0x2a7 ./system/src/cortexm/exception_handlers.o
 .debug_macro   0x00000000000135ee       0x34 ./system/src/cmsis/vectors_stm32f4xx.o
 .debug_macro   0x0000000000013622      0x173 ./src/_initialize_hardware.o
 .debug_macro   0x0000000000013795      0x186 ./src/main.o
 .debug_macro   0x000000000001391b      0x265 ./src/main.o
 .debug_macro   0x0000000000013b80      0x1a0 ./src/stm32f429i_discovery.o
 .debug_macro   0x0000000000013d20      0x25f ./src/stm32f429i_discovery.o
 .debug_macro   0x0000000000013f7f      0x194 ./src/stm32f4xx_it.o
 .debug_macro   0x0000000000014113      0x179 ./src/system_stm32f4xx.o
